PLAINTEXT_EXHAUSTIVE_PASS,t=32,M=44,base=2,cases=992,delta_offset=218,max_shifted_delta=436,input_chunks=2
ALGORITHM1_CONFIG,t=32,M=44,base=2,radix_base=4,intermediate_radix_blocks=5,quotient_radix_blocks=3,parameter=PARAM_MULTI_BIT_MESSAGE_2_CARRY_2_GROUP_3_KS_PBS,input_route=encrypted_16_value_chunks,offset_fused=true,constant_digits_elided=true,parallel_luts=true,outer_high_branches=2,outer_mid_selectors=7,outer_residual_groups=7,outer_residual_components=10,outer_residual_bins=2,outer_route=packed_nibble_reachable_row_fusion_PBS
KEYGEN_MS,939.648000
ENCRYPTED_RESULT,index=0,m=0,d=31,clog_plus_1=0,floorlog_plus_1=218,shifted_delta=0,expected=0,actual=0,pbs_count=101,elapsed_ms=610.010800
ENCRYPTED_STAGES,index=0,input_pbs=34,input_ms=188.720200,subtraction_pbs=14,subtraction_ms=71.131200,outer_pbs=53,outer_ms=350.158500
ENCRYPTED_RESULT,index=1,m=1,d=1,clog_plus_1=1,floorlog_plus_1=1,shifted_delta=218,expected=1,actual=1,pbs_count=101,elapsed_ms=587.330200
ENCRYPTED_STAGES,index=1,input_pbs=34,input_ms=160.721000,subtraction_pbs=14,subtraction_ms=65.386800,outer_pbs=53,outer_ms=361.221300
ENCRYPTED_RESULT,index=2,m=31,d=1,clog_plus_1=219,floorlog_plus_1=1,shifted_delta=436,expected=31,actual=31,pbs_count=101,elapsed_ms=545.154200
ENCRYPTED_STAGES,index=2,input_pbs=34,input_ms=186.821500,subtraction_pbs=14,subtraction_ms=74.751700,outer_pbs=53,outer_ms=283.580100
ENCRYPTED_RESULT,index=3,m=31,d=31,clog_plus_1=219,floorlog_plus_1=218,shifted_delta=219,expected=1,actual=1,pbs_count=101,elapsed_ms=615.076700
ENCRYPTED_STAGES,index=3,input_pbs=34,input_ms=181.549900,subtraction_pbs=14,subtraction_ms=70.864300,outer_pbs=53,outer_ms=362.661500
ENCRYPTED_RESULT,index=4,m=14,d=29,clog_plus_1=169,floorlog_plus_1=214,shifted_delta=173,expected=0,actual=0,pbs_count=101,elapsed_ms=615.593400
ENCRYPTED_STAGES,index=4,input_pbs=34,input_ms=183.539900,subtraction_pbs=14,subtraction_ms=70.519100,outer_pbs=53,outer_ms=361.533500
ENCRYPTED_RESULT,index=5,m=30,d=3,clog_plus_1=217,floorlog_plus_1=70,shifted_delta=365,expected=10,actual=10,pbs_count=101,elapsed_ms=584.968400
ENCRYPTED_STAGES,index=5,input_pbs=34,input_ms=196.309600,subtraction_pbs=14,subtraction_ms=78.342600,outer_pbs=53,outer_ms=310.314200
ENCRYPTED_RESULT,index=6,m=15,d=2,clog_plus_1=173,floorlog_plus_1=45,shifted_delta=346,expected=7,actual=7,pbs_count=101,elapsed_ms=642.596600
ENCRYPTED_STAGES,index=6,input_pbs=34,input_ms=221.286000,subtraction_pbs=14,subtraction_ms=72.711100,outer_pbs=53,outer_ms=348.598300
ENCRYPTED_RESULT,index=7,m=16,d=3,clog_plus_1=177,floorlog_plus_1=70,shifted_delta=325,expected=5,actual=5,pbs_count=101,elapsed_ms=583.808800
ENCRYPTED_STAGES,index=7,input_pbs=34,input_ms=201.216000,subtraction_pbs=14,subtraction_ms=57.042400,outer_pbs=53,outer_ms=325.549300
ENCRYPTED_RESULT,index=8,m=29,d=4,clog_plus_1=215,floorlog_plus_1=89,shifted_delta=344,expected=7,actual=7,pbs_count=101,elapsed_ms=572.922400
ENCRYPTED_STAGES,index=8,input_pbs=34,input_ms=172.687200,subtraction_pbs=14,subtraction_ms=71.809400,outer_pbs=53,outer_ms=328.424700
ENCRYPTED_RESULT,index=9,m=17,d=16,clog_plus_1=181,floorlog_plus_1=177,shifted_delta=222,expected=1,actual=1,pbs_count=101,elapsed_ms=569.774100
ENCRYPTED_STAGES,index=9,input_pbs=34,input_ms=187.340900,subtraction_pbs=14,subtraction_ms=62.240100,outer_pbs=53,outer_ms=320.192200
ENCRYPTED_RESULT,index=10,m=0,d=1,clog_plus_1=0,floorlog_plus_1=1,shifted_delta=217,expected=0,actual=0,pbs_count=101,elapsed_ms=535.345600
ENCRYPTED_STAGES,index=10,input_pbs=34,input_ms=158.343300,subtraction_pbs=14,subtraction_ms=58.546200,outer_pbs=53,outer_ms=318.455000
ENCRYPTED_RESULT,index=11,m=0,d=2,clog_plus_1=0,floorlog_plus_1=45,shifted_delta=173,expected=0,actual=0,pbs_count=101,elapsed_ms=565.791300
ENCRYPTED_STAGES,index=11,input_pbs=34,input_ms=168.939700,subtraction_pbs=14,subtraction_ms=68.209200,outer_pbs=53,outer_ms=328.640600
ENCRYPTED_RESULT,index=12,m=0,d=3,clog_plus_1=0,floorlog_plus_1=70,shifted_delta=148,expected=0,actual=0,pbs_count=101,elapsed_ms=565.713900
ENCRYPTED_STAGES,index=12,input_pbs=34,input_ms=164.126100,subtraction_pbs=14,subtraction_ms=68.150500,outer_pbs=53,outer_ms=333.436400
ENCRYPTED_RESULT,index=13,m=0,d=4,clog_plus_1=0,floorlog_plus_1=89,shifted_delta=129,expected=0,actual=0,pbs_count=101,elapsed_ms=506.978800
ENCRYPTED_STAGES,index=13,input_pbs=34,input_ms=147.346400,subtraction_pbs=14,subtraction_ms=60.860100,outer_pbs=53,outer_ms=298.771200
ENCRYPTED_RESULT,index=14,m=0,d=5,clog_plus_1=0,floorlog_plus_1=103,shifted_delta=115,expected=0,actual=0,pbs_count=101,elapsed_ms=586.078200
ENCRYPTED_STAGES,index=14,input_pbs=34,input_ms=183.369100,subtraction_pbs=14,subtraction_ms=60.319400,outer_pbs=53,outer_ms=342.388200
ENCRYPTED_RESULT,index=15,m=0,d=6,clog_plus_1=0,floorlog_plus_1=114,shifted_delta=104,expected=0,actual=0,pbs_count=101,elapsed_ms=622.700100
ENCRYPTED_STAGES,index=15,input_pbs=34,input_ms=180.777000,subtraction_pbs=14,subtraction_ms=86.076200,outer_pbs=53,outer_ms=355.845800
ENCRYPTED_RESULT,index=16,m=0,d=7,clog_plus_1=0,floorlog_plus_1=124,shifted_delta=94,expected=0,actual=0,pbs_count=101,elapsed_ms=618.862600
ENCRYPTED_STAGES,index=16,input_pbs=34,input_ms=187.728100,subtraction_pbs=14,subtraction_ms=82.619700,outer_pbs=53,outer_ms=348.513400
ENCRYPTED_RESULT,index=17,m=0,d=8,clog_plus_1=0,floorlog_plus_1=133,shifted_delta=85,expected=0,actual=0,pbs_count=101,elapsed_ms=636.602100
ENCRYPTED_STAGES,index=17,input_pbs=34,input_ms=188.706700,subtraction_pbs=14,subtraction_ms=85.961500,outer_pbs=53,outer_ms=361.932900
ENCRYPTED_RESULT,index=18,m=0,d=9,clog_plus_1=0,floorlog_plus_1=140,shifted_delta=78,expected=0,actual=0,pbs_count=101,elapsed_ms=604.564400
ENCRYPTED_STAGES,index=18,input_pbs=34,input_ms=208.868900,subtraction_pbs=14,subtraction_ms=67.630000,outer_pbs=53,outer_ms=328.064400
ENCRYPTED_RESULT,index=19,m=0,d=10,clog_plus_1=0,floorlog_plus_1=147,shifted_delta=71,expected=0,actual=0,pbs_count=101,elapsed_ms=601.335800
ENCRYPTED_STAGES,index=19,input_pbs=34,input_ms=176.669300,subtraction_pbs=14,subtraction_ms=84.460900,outer_pbs=53,outer_ms=340.204400
ENCRYPTED_RESULT,index=20,m=0,d=11,clog_plus_1=0,floorlog_plus_1=153,shifted_delta=65,expected=0,actual=0,pbs_count=101,elapsed_ms=602.614800
ENCRYPTED_STAGES,index=20,input_pbs=34,input_ms=172.835600,subtraction_pbs=14,subtraction_ms=73.807600,outer_pbs=53,outer_ms=355.970700
ENCRYPTED_RESULT,index=21,m=0,d=12,clog_plus_1=0,floorlog_plus_1=158,shifted_delta=60,expected=0,actual=0,pbs_count=101,elapsed_ms=630.819200
ENCRYPTED_STAGES,index=21,input_pbs=34,input_ms=180.505800,subtraction_pbs=14,subtraction_ms=67.755000,outer_pbs=53,outer_ms=382.557400
ENCRYPTED_RESULT,index=22,m=0,d=13,clog_plus_1=0,floorlog_plus_1=163,shifted_delta=55,expected=0,actual=0,pbs_count=101,elapsed_ms=609.377300
ENCRYPTED_STAGES,index=22,input_pbs=34,input_ms=177.908600,subtraction_pbs=14,subtraction_ms=66.753200,outer_pbs=53,outer_ms=364.714500
ENCRYPTED_RESULT,index=23,m=0,d=14,clog_plus_1=0,floorlog_plus_1=168,shifted_delta=50,expected=0,actual=0,pbs_count=101,elapsed_ms=625.167900
ENCRYPTED_STAGES,index=23,input_pbs=34,input_ms=205.784900,subtraction_pbs=14,subtraction_ms=73.566900,outer_pbs=53,outer_ms=345.815000
ENCRYPTED_RESULT,index=24,m=0,d=15,clog_plus_1=0,floorlog_plus_1=172,shifted_delta=46,expected=0,actual=0,pbs_count=101,elapsed_ms=601.877000
ENCRYPTED_STAGES,index=24,input_pbs=34,input_ms=185.008100,subtraction_pbs=14,subtraction_ms=70.810100,outer_pbs=53,outer_ms=346.057300
ENCRYPTED_RESULT,index=25,m=0,d=16,clog_plus_1=0,floorlog_plus_1=177,shifted_delta=41,expected=0,actual=0,pbs_count=101,elapsed_ms=587.780500
ENCRYPTED_STAGES,index=25,input_pbs=34,input_ms=153.324700,subtraction_pbs=14,subtraction_ms=70.994800,outer_pbs=53,outer_ms=363.459400
ENCRYPTED_RESULT,index=26,m=0,d=17,clog_plus_1=0,floorlog_plus_1=180,shifted_delta=38,expected=0,actual=0,pbs_count=101,elapsed_ms=589.356200
ENCRYPTED_STAGES,index=26,input_pbs=34,input_ms=184.666900,subtraction_pbs=14,subtraction_ms=76.524600,outer_pbs=53,outer_ms=328.163600
ENCRYPTED_RESULT,index=27,m=0,d=18,clog_plus_1=0,floorlog_plus_1=184,shifted_delta=34,expected=0,actual=0,pbs_count=101,elapsed_ms=590.562100
ENCRYPTED_STAGES,index=27,input_pbs=34,input_ms=170.759700,subtraction_pbs=14,subtraction_ms=68.542700,outer_pbs=53,outer_ms=351.257500
ENCRYPTED_RESULT,index=28,m=0,d=19,clog_plus_1=0,floorlog_plus_1=187,shifted_delta=31,expected=0,actual=0,pbs_count=101,elapsed_ms=610.417400
ENCRYPTED_STAGES,index=28,input_pbs=34,input_ms=193.367500,subtraction_pbs=14,subtraction_ms=65.997200,outer_pbs=53,outer_ms=351.051100
ENCRYPTED_RESULT,index=29,m=0,d=20,clog_plus_1=0,floorlog_plus_1=191,shifted_delta=27,expected=0,actual=0,pbs_count=101,elapsed_ms=583.733700
ENCRYPTED_STAGES,index=29,input_pbs=34,input_ms=181.012300,subtraction_pbs=14,subtraction_ms=68.710800,outer_pbs=53,outer_ms=334.009100
ENCRYPTED_SUMMARY,PASS,t=32,cases=30,average_pbs=101.000,average_ms=593.430483,total_pbs=3030
