PLAINTEXT_EXHAUSTIVE_PASS,t=64,M=89,base=2,cases=4032,delta_offset=532,max_shifted_delta=1064,input_chunks=4
ALGORITHM1_CONFIG,t=64,M=89,base=2,radix_base=4,intermediate_radix_blocks=6,quotient_radix_blocks=3,parameter=PARAM_MULTI_BIT_MESSAGE_2_CARRY_2_GROUP_3_KS_PBS,input_route=encrypted_16_value_chunks,offset_fused=true,constant_digits_elided=true,parallel_luts=true,outer_high_branches=3,outer_mid_selectors=15,outer_residual_groups=16,outer_residual_components=19,outer_residual_bins=4,outer_route=packed_nibble_reachable_row_fusion_PBS
KEYGEN_MS,916.122000
ENCRYPTED_RESULT,index=0,m=0,d=63,clog_plus_1=0,floorlog_plus_1=532,shifted_delta=0,expected=0,actual=0,pbs_count=190,elapsed_ms=1043.339600
ENCRYPTED_STAGES,index=0,input_pbs=74,input_ms=410.638900,subtraction_pbs=17,subtraction_ms=67.656000,outer_pbs=99,outer_ms=565.044000
ENCRYPTED_RESULT,index=1,m=1,d=1,clog_plus_1=1,floorlog_plus_1=1,shifted_delta=532,expected=1,actual=1,pbs_count=190,elapsed_ms=1176.185100
ENCRYPTED_STAGES,index=1,input_pbs=74,input_ms=454.014000,subtraction_pbs=17,subtraction_ms=72.371800,outer_pbs=99,outer_ms=649.798500
ENCRYPTED_RESULT,index=2,m=63,d=1,clog_plus_1=533,floorlog_plus_1=1,shifted_delta=1064,expected=63,actual=63,pbs_count=190,elapsed_ms=1251.533700
ENCRYPTED_STAGES,index=2,input_pbs=74,input_ms=484.010500,subtraction_pbs=17,subtraction_ms=78.479000,outer_pbs=99,outer_ms=689.043000
ENCRYPTED_RESULT,index=3,m=63,d=63,clog_plus_1=533,floorlog_plus_1=532,shifted_delta=533,expected=1,actual=1,pbs_count=190,elapsed_ms=1171.644700
ENCRYPTED_STAGES,index=3,input_pbs=74,input_ms=437.884700,subtraction_pbs=17,subtraction_ms=65.977200,outer_pbs=99,outer_ms=667.781800
ENCRYPTED_RESULT,index=4,m=30,d=61,clog_plus_1=438,floorlog_plus_1=528,shifted_delta=442,expected=0,actual=0,pbs_count=190,elapsed_ms=1296.372200
ENCRYPTED_STAGES,index=4,input_pbs=74,input_ms=482.389000,subtraction_pbs=17,subtraction_ms=91.925500,outer_pbs=99,outer_ms=722.056400
ENCRYPTED_RESULT,index=5,m=62,d=3,clog_plus_1=531,floorlog_plus_1=142,shifted_delta=921,expected=20,actual=20,pbs_count=190,elapsed_ms=1276.834900
ENCRYPTED_STAGES,index=5,input_pbs=74,input_ms=535.042100,subtraction_pbs=17,subtraction_ms=86.133100,outer_pbs=99,outer_ms=655.658700
ENCRYPTED_RESULT,index=6,m=31,d=2,clog_plus_1=442,floorlog_plus_1=90,shifted_delta=884,expected=15,actual=15,pbs_count=190,elapsed_ms=1268.407000
ENCRYPTED_STAGES,index=6,input_pbs=74,input_ms=475.578200,subtraction_pbs=17,subtraction_ms=86.933700,outer_pbs=99,outer_ms=705.893700
ENCRYPTED_RESULT,index=7,m=32,d=3,clog_plus_1=446,floorlog_plus_1=142,shifted_delta=836,expected=10,actual=10,pbs_count=190,elapsed_ms=1278.428400
ENCRYPTED_STAGES,index=7,input_pbs=74,input_ms=491.849200,subtraction_pbs=17,subtraction_ms=77.629200,outer_pbs=99,outer_ms=708.949000
ENCRYPTED_RESULT,index=8,m=61,d=4,clog_plus_1=529,floorlog_plus_1=179,shifted_delta=882,expected=15,actual=15,pbs_count=190,elapsed_ms=1270.510200
ENCRYPTED_STAGES,index=8,input_pbs=74,input_ms=510.432400,subtraction_pbs=17,subtraction_ms=77.330000,outer_pbs=99,outer_ms=682.746800
ENCRYPTED_RESULT,index=9,m=33,d=32,clog_plus_1=450,floorlog_plus_1=446,shifted_delta=536,expected=1,actual=1,pbs_count=190,elapsed_ms=1150.237200
ENCRYPTED_STAGES,index=9,input_pbs=74,input_ms=447.482300,subtraction_pbs=17,subtraction_ms=83.541800,outer_pbs=99,outer_ms=619.212100
ENCRYPTED_RESULT,index=10,m=0,d=1,clog_plus_1=0,floorlog_plus_1=1,shifted_delta=531,expected=0,actual=0,pbs_count=190,elapsed_ms=1208.102600
ENCRYPTED_STAGES,index=10,input_pbs=74,input_ms=439.519000,subtraction_pbs=17,subtraction_ms=88.738900,outer_pbs=99,outer_ms=679.843400
ENCRYPTED_RESULT,index=11,m=0,d=2,clog_plus_1=0,floorlog_plus_1=90,shifted_delta=442,expected=0,actual=0,pbs_count=190,elapsed_ms=1244.598700
ENCRYPTED_STAGES,index=11,input_pbs=74,input_ms=462.394400,subtraction_pbs=17,subtraction_ms=82.035700,outer_pbs=99,outer_ms=700.167300
ENCRYPTED_RESULT,index=12,m=0,d=3,clog_plus_1=0,floorlog_plus_1=142,shifted_delta=390,expected=0,actual=0,pbs_count=190,elapsed_ms=1233.546600
ENCRYPTED_STAGES,index=12,input_pbs=74,input_ms=471.007100,subtraction_pbs=17,subtraction_ms=80.682900,outer_pbs=99,outer_ms=681.855600
ENCRYPTED_RESULT,index=13,m=0,d=4,clog_plus_1=0,floorlog_plus_1=179,shifted_delta=353,expected=0,actual=0,pbs_count=190,elapsed_ms=1260.057900
ENCRYPTED_STAGES,index=13,input_pbs=74,input_ms=487.670800,subtraction_pbs=17,subtraction_ms=84.765500,outer_pbs=99,outer_ms=687.620400
ENCRYPTED_RESULT,index=14,m=0,d=5,clog_plus_1=0,floorlog_plus_1=207,shifted_delta=325,expected=0,actual=0,pbs_count=190,elapsed_ms=1191.081500
ENCRYPTED_STAGES,index=14,input_pbs=74,input_ms=448.592600,subtraction_pbs=17,subtraction_ms=83.918900,outer_pbs=99,outer_ms=658.568400
ENCRYPTED_RESULT,index=15,m=0,d=6,clog_plus_1=0,floorlog_plus_1=231,shifted_delta=301,expected=0,actual=0,pbs_count=190,elapsed_ms=1192.103500
ENCRYPTED_STAGES,index=15,input_pbs=74,input_ms=470.107300,subtraction_pbs=17,subtraction_ms=71.215800,outer_pbs=99,outer_ms=650.779400
ENCRYPTED_RESULT,index=16,m=0,d=7,clog_plus_1=0,floorlog_plus_1=250,shifted_delta=282,expected=0,actual=0,pbs_count=190,elapsed_ms=1226.229200
ENCRYPTED_STAGES,index=16,input_pbs=74,input_ms=500.009500,subtraction_pbs=17,subtraction_ms=81.878700,outer_pbs=99,outer_ms=644.340000
ENCRYPTED_RESULT,index=17,m=0,d=8,clog_plus_1=0,floorlog_plus_1=268,shifted_delta=264,expected=0,actual=0,pbs_count=190,elapsed_ms=1234.805800
ENCRYPTED_STAGES,index=17,input_pbs=74,input_ms=507.575800,subtraction_pbs=17,subtraction_ms=88.874200,outer_pbs=99,outer_ms=638.354700
ENCRYPTED_RESULT,index=18,m=0,d=9,clog_plus_1=0,floorlog_plus_1=283,shifted_delta=249,expected=0,actual=0,pbs_count=190,elapsed_ms=1162.388700
ENCRYPTED_STAGES,index=18,input_pbs=74,input_ms=459.975800,subtraction_pbs=17,subtraction_ms=80.329700,outer_pbs=99,outer_ms=622.082300
ENCRYPTED_RESULT,index=19,m=0,d=10,clog_plus_1=0,floorlog_plus_1=296,shifted_delta=236,expected=0,actual=0,pbs_count=190,elapsed_ms=1275.012100
ENCRYPTED_STAGES,index=19,input_pbs=74,input_ms=509.788900,subtraction_pbs=17,subtraction_ms=77.435200,outer_pbs=99,outer_ms=687.787100
ENCRYPTED_RESULT,index=20,m=0,d=11,clog_plus_1=0,floorlog_plus_1=308,shifted_delta=224,expected=0,actual=0,pbs_count=190,elapsed_ms=1250.938000
ENCRYPTED_STAGES,index=20,input_pbs=74,input_ms=444.510400,subtraction_pbs=17,subtraction_ms=84.721800,outer_pbs=99,outer_ms=721.704500
ENCRYPTED_RESULT,index=21,m=0,d=12,clog_plus_1=0,floorlog_plus_1=320,shifted_delta=212,expected=0,actual=0,pbs_count=190,elapsed_ms=1188.362800
ENCRYPTED_STAGES,index=21,input_pbs=74,input_ms=453.908800,subtraction_pbs=17,subtraction_ms=82.976700,outer_pbs=99,outer_ms=651.476400
ENCRYPTED_RESULT,index=22,m=0,d=13,clog_plus_1=0,floorlog_plus_1=330,shifted_delta=202,expected=0,actual=0,pbs_count=190,elapsed_ms=1165.405900
ENCRYPTED_STAGES,index=22,input_pbs=74,input_ms=434.559100,subtraction_pbs=17,subtraction_ms=84.886700,outer_pbs=99,outer_ms=645.958800
ENCRYPTED_RESULT,index=23,m=0,d=14,clog_plus_1=0,floorlog_plus_1=339,shifted_delta=193,expected=0,actual=0,pbs_count=190,elapsed_ms=1245.152300
ENCRYPTED_STAGES,index=23,input_pbs=74,input_ms=461.645100,subtraction_pbs=17,subtraction_ms=72.489100,outer_pbs=99,outer_ms=711.017100
ENCRYPTED_RESULT,index=24,m=0,d=15,clog_plus_1=0,floorlog_plus_1=348,shifted_delta=184,expected=0,actual=0,pbs_count=190,elapsed_ms=1260.663000
ENCRYPTED_STAGES,index=24,input_pbs=74,input_ms=485.906600,subtraction_pbs=17,subtraction_ms=99.143900,outer_pbs=99,outer_ms=675.611500
ENCRYPTED_RESULT,index=25,m=0,d=16,clog_plus_1=0,floorlog_plus_1=357,shifted_delta=175,expected=0,actual=0,pbs_count=190,elapsed_ms=1284.187000
ENCRYPTED_STAGES,index=25,input_pbs=74,input_ms=495.098200,subtraction_pbs=17,subtraction_ms=80.933700,outer_pbs=99,outer_ms=708.153600
ENCRYPTED_RESULT,index=26,m=0,d=17,clog_plus_1=0,floorlog_plus_1=364,shifted_delta=168,expected=0,actual=0,pbs_count=190,elapsed_ms=1334.751900
ENCRYPTED_STAGES,index=26,input_pbs=74,input_ms=508.734100,subtraction_pbs=17,subtraction_ms=81.869800,outer_pbs=99,outer_ms=744.146800
ENCRYPTED_RESULT,index=27,m=0,d=18,clog_plus_1=0,floorlog_plus_1=372,shifted_delta=160,expected=0,actual=0,pbs_count=190,elapsed_ms=1203.910400
ENCRYPTED_STAGES,index=27,input_pbs=74,input_ms=432.429200,subtraction_pbs=17,subtraction_ms=84.254600,outer_pbs=99,outer_ms=687.225600
ENCRYPTED_RESULT,index=28,m=0,d=19,clog_plus_1=0,floorlog_plus_1=379,shifted_delta=153,expected=0,actual=0,pbs_count=190,elapsed_ms=1170.767900
ENCRYPTED_STAGES,index=28,input_pbs=74,input_ms=437.277500,subtraction_pbs=17,subtraction_ms=82.433200,outer_pbs=99,outer_ms=651.056300
ENCRYPTED_RESULT,index=29,m=0,d=20,clog_plus_1=0,floorlog_plus_1=385,shifted_delta=147,expected=0,actual=0,pbs_count=190,elapsed_ms=1271.977600
ENCRYPTED_STAGES,index=29,input_pbs=74,input_ms=481.026100,subtraction_pbs=17,subtraction_ms=88.702300,outer_pbs=99,outer_ms=702.248300
ENCRYPTED_SUMMARY,PASS,t=64,cases=30,average_pbs=190.000,average_ms=1226.251213,total_pbs=5700
